[generate] 2000 samples saved to etch_data.pt
[generate] Etch rate range: 199.5 – 1288.3 A/min
[train] Dataset: 1600 train / 400 val samples
[train] Starting training …
  Epoch    1 | Train Loss: 313949.7122 | Val Loss: 59413.2852 | Best: 59413.2852
  Epoch  200 | Train Loss: 1576.0781 | Val Loss: 1393.4357 | Best: 1393.4357
  Epoch  400 | Train Loss: 1021.5576 | Val Loss: 989.7026 | Best: 841.8633
  Epoch  600 | Train Loss: 788.3420 | Val Loss: 711.9115 | Best: 707.7917
  Epoch  800 | Train Loss: 917.7664 | Val Loss: 998.2628 | Best: 697.9600
  Epoch 1000 | Train Loss: 786.5595 | Val Loss: 698.8728 | Best: 689.6005
  Epoch 1200 | Train Loss: 786.2226 | Val Loss: 701.3533 | Best: 687.1360
[train] Early stopping at epoch 1202 (no improvement for 100 epochs)
[train] Best val loss: 687.1360 → model saved to lam_plasma_model.pth
[train] Loss curve saved → training_loss_curve.png
 RESEARCH PLASMA SURROGATE — PREDICTION
  Position  : wafer center (0, 0)
  Pressure  : 50 mTorr
  RF Power  : 1200 W
  Etch Rate : 702.79 Å/min

Sample | Actual (Å/min) |  Predicted |  Error %
------------------------------------------------
     1 |         798.41 |     775.91 |    2.82%
     2 |         456.47 |     451.32 |    1.13%
     3 |         806.85 |     824.17 |    2.15%
     4 |         472.35 |     448.39 |    5.07%
     5 |         369.97 |     367.28 |    0.73%

  MAE  : 14.32 Å/min
  MAPE : 2.38%
  Model Accuracy : 97.62%


 Local Sensitivity Analysis
  Baseline recipe : 55.0 mTorr | 1250.0 W | Center wafer
  Base etch rate  : 740.47 Å/min
  +10% Pressure   : +1.81% change in etch rate
  +10% RF Power   : +8.60% change in etch rate
  → Process is Power-Sensitive
[sensitivity] Sweep plots saved → sensitivity_sweep.png
[plot] Wafer uniformity map saved → wafer_uniformity_map.png
[plot] Non-uniformity (range/2mean): 10.50%
