
CondaError: Run 'conda init' before 'conda activate'

[generate] 2000 samples saved to etch_data.pt
[generate] Etch rate range: 199.5 – 1288.3 A/min
[train] Dataset: 1600 train / 400 val samples
[train] Starting training …
  Epoch    1 | Train Loss: 418456.6589 | Val Loss: 85327.9219 | Best: 85327.9219
  Epoch  200 | Train Loss: 1656.8806 | Val Loss: 1450.9553 | Best: 1444.4875
  Epoch  400 | Train Loss: 1191.4675 | Val Loss: 1063.3124 | Best: 1046.5723
  Epoch  600 | Train Loss: 841.7352 | Val Loss: 731.6710 | Best: 714.1959
  Epoch  800 | Train Loss: 909.7008 | Val Loss: 698.2972 | Best: 691.5641
  Epoch 1000 | Train Loss: 719.2971 | Val Loss: 645.7286 | Best: 632.1750
  Epoch 1200 | Train Loss: 720.6272 | Val Loss: 581.5933 | Best: 572.6429
  Epoch 1400 | Train Loss: 668.5974 | Val Loss: 545.7890 | Best: 517.7629
[train] Best val loss: 479.3915 → model saved to lam_plasma_model.pth
[train] Loss curve saved → training_loss_curve.png

=============================================
 RESEARCH PLASMA SURROGATE — PREDICTION
  Position  : wafer center (0, 0)
  Pressure  : 50 mTorr
  RF Power  : 1200 W
  Etch Rate : 704.11 Å/min

Sample | Actual (Å/min) |  Predicted |  Error %
------------------------------------------------
     1 |         798.41 |     777.95 |    2.56%
     2 |         456.47 |     444.19 |    2.69%
     3 |         806.85 |     810.69 |    0.48%
     4 |         472.35 |     447.95 |    5.17%
     5 |         369.97 |     357.53 |    3.36%

  MAE  : 14.69 Å/min
  MAPE : 2.85%
  Model Accuracy : 97.15%


 Local Sensitivity Analysis
  Baseline recipe : 55.0 mTorr | 1250.0 W | Center wafer
  Base etch rate  : 742.09 Å/min
  +10% Pressure   : +1.77% change in etch rate
  +10% RF Power   : +8.72% change in etch rate
  → Process is Power-Sensitive
[sensitivity] Sweep plots saved → sensitivity_sweep.png
[plot] Wafer uniformity map saved → wafer_uniformity_map.png
[plot] Non-uniformity (range/2mean): 10.04%
